// Jest Snapshot v1, https://goo.gl/fbAQLP

exports[`SearchProfessionals should match snap 1`] = `
ShallowWrapper {
  "length": 1,
  Symbol(enzyme.__root__): [Circular],
  Symbol(enzyme.__unrendered__): <SearchProfessionals
    currentUser={
        Object {
            "aboutMe": "Lola loves doggos.",
            "city": "Denver",
            "email": "lola@gmail.com",
            "userName": "lolakoala",
          }
    }
    getInsuranceList={[Function]}
    getSpecialtyList={[Function]}
    insuranceList={
        Array [
            "aetna",
          ]
    }
    search={[Function]}
    specialtyList={Array []}
/>,
  Symbol(enzyme.__renderer__): Object {
    "batchedUpdates": [Function],
    "getNode": [Function],
    "render": [Function],
    "simulateEvent": [Function],
    "unmount": [Function],
  },
  Symbol(enzyme.__node__): Object {
    "instance": null,
    "key": undefined,
    "nodeType": "host",
    "props": Object {
      "children": Array [
        <DropDownMenu
          anchorOrigin={
                    Object {
                              "horizontal": "left",
                              "vertical": "top",
                            }
          }
          animated={true}
          autoWidth={true}
          disabled={false}
          iconButton={<NavigationArrowDropDown />}
          maxHeight={500}
          multiple={false}
          onChange={[Function]}
          openImmediately={false}
          value="select query"
>
          <MenuItem
                    anchorOrigin={
                              Object {
                                        "horizontal": "right",
                                        "vertical": "top",
                                      }
                    }
                    checked={false}
                    desktop={false}
                    disabled={false}
                    focusState="none"
                    insetChildren={false}
                    primaryText="Select search query."
                    targetOrigin={
                              Object {
                                        "horizontal": "left",
                                        "vertical": "top",
                                      }
                    }
                    value="select query"
          />
          <MenuItem
                    anchorOrigin={
                              Object {
                                        "horizontal": "right",
                                        "vertical": "top",
                                      }
                    }
                    checked={false}
                    desktop={false}
                    disabled={false}
                    focusState="none"
                    insetChildren={false}
                    primaryText="Search by insurance."
                    targetOrigin={
                              Object {
                                        "horizontal": "left",
                                        "vertical": "top",
                                      }
                    }
                    value="insurance"
          />
          <MenuItem
                    anchorOrigin={
                              Object {
                                        "horizontal": "right",
                                        "vertical": "top",
                                      }
                    }
                    checked={false}
                    desktop={false}
                    disabled={false}
                    focusState="none"
                    insetChildren={false}
                    primaryText="Search by specialty."
                    targetOrigin={
                              Object {
                                        "horizontal": "left",
                                        "vertical": "top",
                                      }
                    }
                    value="specialty"
          />
</DropDownMenu>,
        null,
        null,
        null,
      ],
      "className": "search-options",
    },
    "ref": null,
    "rendered": Array [
      Object {
        "instance": null,
        "key": undefined,
        "nodeType": "class",
        "props": Object {
          "anchorOrigin": Object {
            "horizontal": "left",
            "vertical": "top",
          },
          "animated": true,
          "autoWidth": true,
          "children": Array [
            <MenuItem
              anchorOrigin={
                            Object {
                                          "horizontal": "right",
                                          "vertical": "top",
                                        }
              }
              checked={false}
              desktop={false}
              disabled={false}
              focusState="none"
              insetChildren={false}
              primaryText="Select search query."
              targetOrigin={
                            Object {
                                          "horizontal": "left",
                                          "vertical": "top",
                                        }
              }
              value="select query"
/>,
            <MenuItem
              anchorOrigin={
                            Object {
                                          "horizontal": "right",
                                          "vertical": "top",
                                        }
              }
              checked={false}
              desktop={false}
              disabled={false}
              focusState="none"
              insetChildren={false}
              primaryText="Search by insurance."
              targetOrigin={
                            Object {
                                          "horizontal": "left",
                                          "vertical": "top",
                                        }
              }
              value="insurance"
/>,
            <MenuItem
              anchorOrigin={
                            Object {
                                          "horizontal": "right",
                                          "vertical": "top",
                                        }
              }
              checked={false}
              desktop={false}
              disabled={false}
              focusState="none"
              insetChildren={false}
              primaryText="Search by specialty."
              targetOrigin={
                            Object {
                                          "horizontal": "left",
                                          "vertical": "top",
                                        }
              }
              value="specialty"
/>,
          ],
          "disabled": false,
          "iconButton": <NavigationArrowDropDown />,
          "maxHeight": 500,
          "multiple": false,
          "onChange": [Function],
          "openImmediately": false,
          "value": "select query",
        },
        "ref": null,
        "rendered": Array [
          Object {
            "instance": null,
            "key": undefined,
            "nodeType": "class",
            "props": Object {
              "anchorOrigin": Object {
                "horizontal": "right",
                "vertical": "top",
              },
              "checked": false,
              "desktop": false,
              "disabled": false,
              "focusState": "none",
              "insetChildren": false,
              "primaryText": "Select search query.",
              "targetOrigin": Object {
                "horizontal": "left",
                "vertical": "top",
              },
              "value": "select query",
            },
            "ref": null,
            "rendered": null,
            "type": [Function],
          },
          Object {
            "instance": null,
            "key": undefined,
            "nodeType": "class",
            "props": Object {
              "anchorOrigin": Object {
                "horizontal": "right",
                "vertical": "top",
              },
              "checked": false,
              "desktop": false,
              "disabled": false,
              "focusState": "none",
              "insetChildren": false,
              "primaryText": "Search by insurance.",
              "targetOrigin": Object {
                "horizontal": "left",
                "vertical": "top",
              },
              "value": "insurance",
            },
            "ref": null,
            "rendered": null,
            "type": [Function],
          },
          Object {
            "instance": null,
            "key": undefined,
            "nodeType": "class",
            "props": Object {
              "anchorOrigin": Object {
                "horizontal": "right",
                "vertical": "top",
              },
              "checked": false,
              "desktop": false,
              "disabled": false,
              "focusState": "none",
              "insetChildren": false,
              "primaryText": "Search by specialty.",
              "targetOrigin": Object {
                "horizontal": "left",
                "vertical": "top",
              },
              "value": "specialty",
            },
            "ref": null,
            "rendered": null,
            "type": [Function],
          },
        ],
        "type": [Function],
      },
      null,
      null,
      null,
    ],
    "type": "div",
  },
  Symbol(enzyme.__nodes__): Array [
    Object {
      "instance": null,
      "key": undefined,
      "nodeType": "host",
      "props": Object {
        "children": Array [
          <DropDownMenu
            anchorOrigin={
                        Object {
                                    "horizontal": "left",
                                    "vertical": "top",
                                  }
            }
            animated={true}
            autoWidth={true}
            disabled={false}
            iconButton={<NavigationArrowDropDown />}
            maxHeight={500}
            multiple={false}
            onChange={[Function]}
            openImmediately={false}
            value="select query"
>
            <MenuItem
                        anchorOrigin={
                                    Object {
                                                "horizontal": "right",
                                                "vertical": "top",
                                              }
                        }
                        checked={false}
                        desktop={false}
                        disabled={false}
                        focusState="none"
                        insetChildren={false}
                        primaryText="Select search query."
                        targetOrigin={
                                    Object {
                                                "horizontal": "left",
                                                "vertical": "top",
                                              }
                        }
                        value="select query"
            />
            <MenuItem
                        anchorOrigin={
                                    Object {
                                                "horizontal": "right",
                                                "vertical": "top",
                                              }
                        }
                        checked={false}
                        desktop={false}
                        disabled={false}
                        focusState="none"
                        insetChildren={false}
                        primaryText="Search by insurance."
                        targetOrigin={
                                    Object {
                                                "horizontal": "left",
                                                "vertical": "top",
                                              }
                        }
                        value="insurance"
            />
            <MenuItem
                        anchorOrigin={
                                    Object {
                                                "horizontal": "right",
                                                "vertical": "top",
                                              }
                        }
                        checked={false}
                        desktop={false}
                        disabled={false}
                        focusState="none"
                        insetChildren={false}
                        primaryText="Search by specialty."
                        targetOrigin={
                                    Object {
                                                "horizontal": "left",
                                                "vertical": "top",
                                              }
                        }
                        value="specialty"
            />
</DropDownMenu>,
          null,
          null,
          null,
        ],
        "className": "search-options",
      },
      "ref": null,
      "rendered": Array [
        Object {
          "instance": null,
          "key": undefined,
          "nodeType": "class",
          "props": Object {
            "anchorOrigin": Object {
              "horizontal": "left",
              "vertical": "top",
            },
            "animated": true,
            "autoWidth": true,
            "children": Array [
              <MenuItem
                anchorOrigin={
                                Object {
                                                "horizontal": "right",
                                                "vertical": "top",
                                              }
                }
                checked={false}
                desktop={false}
                disabled={false}
                focusState="none"
                insetChildren={false}
                primaryText="Select search query."
                targetOrigin={
                                Object {
                                                "horizontal": "left",
                                                "vertical": "top",
                                              }
                }
                value="select query"
/>,
              <MenuItem
                anchorOrigin={
                                Object {
                                                "horizontal": "right",
                                                "vertical": "top",
                                              }
                }
                checked={false}
                desktop={false}
                disabled={false}
                focusState="none"
                insetChildren={false}
                primaryText="Search by insurance."
                targetOrigin={
                                Object {
                                                "horizontal": "left",
                                                "vertical": "top",
                                              }
                }
                value="insurance"
/>,
              <MenuItem
                anchorOrigin={
                                Object {
                                                "horizontal": "right",
                                                "vertical": "top",
                                              }
                }
                checked={false}
                desktop={false}
                disabled={false}
                focusState="none"
                insetChildren={false}
                primaryText="Search by specialty."
                targetOrigin={
                                Object {
                                                "horizontal": "left",
                                                "vertical": "top",
                                              }
                }
                value="specialty"
/>,
            ],
            "disabled": false,
            "iconButton": <NavigationArrowDropDown />,
            "maxHeight": 500,
            "multiple": false,
            "onChange": [Function],
            "openImmediately": false,
            "value": "select query",
          },
          "ref": null,
          "rendered": Array [
            Object {
              "instance": null,
              "key": undefined,
              "nodeType": "class",
              "props": Object {
                "anchorOrigin": Object {
                  "horizontal": "right",
                  "vertical": "top",
                },
                "checked": false,
                "desktop": false,
                "disabled": false,
                "focusState": "none",
                "insetChildren": false,
                "primaryText": "Select search query.",
                "targetOrigin": Object {
                  "horizontal": "left",
                  "vertical": "top",
                },
                "value": "select query",
              },
              "ref": null,
              "rendered": null,
              "type": [Function],
            },
            Object {
              "instance": null,
              "key": undefined,
              "nodeType": "class",
              "props": Object {
                "anchorOrigin": Object {
                  "horizontal": "right",
                  "vertical": "top",
                },
                "checked": false,
                "desktop": false,
                "disabled": false,
                "focusState": "none",
                "insetChildren": false,
                "primaryText": "Search by insurance.",
                "targetOrigin": Object {
                  "horizontal": "left",
                  "vertical": "top",
                },
                "value": "insurance",
              },
              "ref": null,
              "rendered": null,
              "type": [Function],
            },
            Object {
              "instance": null,
              "key": undefined,
              "nodeType": "class",
              "props": Object {
                "anchorOrigin": Object {
                  "horizontal": "right",
                  "vertical": "top",
                },
                "checked": false,
                "desktop": false,
                "disabled": false,
                "focusState": "none",
                "insetChildren": false,
                "primaryText": "Search by specialty.",
                "targetOrigin": Object {
                  "horizontal": "left",
                  "vertical": "top",
                },
                "value": "specialty",
              },
              "ref": null,
              "rendered": null,
              "type": [Function],
            },
          ],
          "type": [Function],
        },
        null,
        null,
        null,
      ],
      "type": "div",
    },
  ],
  Symbol(enzyme.__options__): Object {
    "adapter": ReactSixteenAdapter {
      "options": Object {
        "enableComponentDidUpdateOnSetState": true,
      },
    },
  },
}
`;
