// Jest Snapshot v1, https://goo.gl/fbAQLP

exports[`SelectCity should match snap 1`] = `
ShallowWrapper {
  "length": 1,
  Symbol(enzyme.__root__): [Circular],
  Symbol(enzyme.__unrendered__): <SelectCity
    addCity={[Function]}
    currentUser={
        Object {
            "email": "lola@lola.com",
          }
    }
/>,
  Symbol(enzyme.__renderer__): Object {
    "batchedUpdates": [Function],
    "getNode": [Function],
    "render": [Function],
    "simulateEvent": [Function],
    "unmount": [Function],
  },
  Symbol(enzyme.__node__): Object {
    "instance": null,
    "key": undefined,
    "nodeType": "host",
    "props": Object {
      "children": Array [
        <h2>
          Please select your city.
</h2>,
        <DropDownMenu
          anchorOrigin={
                    Object {
                              "horizontal": "left",
                              "vertical": "top",
                            }
          }
          animated={true}
          autoWidth={true}
          disabled={false}
          iconButton={<NavigationArrowDropDown />}
          maxHeight={500}
          multiple={false}
          onChange={[Function]}
          openImmediately={false}
          value="Denver"
>
          <MenuItem
                    anchorOrigin={
                              Object {
                                        "horizontal": "right",
                                        "vertical": "top",
                                      }
                    }
                    checked={false}
                    desktop={false}
                    disabled={false}
                    focusState="none"
                    insetChildren={false}
                    primaryText="Denver"
                    targetOrigin={
                              Object {
                                        "horizontal": "left",
                                        "vertical": "top",
                                      }
                    }
                    value="Denver"
          />
</DropDownMenu>,
      ],
      "className": "select-city",
    },
    "ref": null,
    "rendered": Array [
      Object {
        "instance": null,
        "key": undefined,
        "nodeType": "host",
        "props": Object {
          "children": "Please select your city.",
        },
        "ref": null,
        "rendered": "Please select your city.",
        "type": "h2",
      },
      Object {
        "instance": null,
        "key": undefined,
        "nodeType": "class",
        "props": Object {
          "anchorOrigin": Object {
            "horizontal": "left",
            "vertical": "top",
          },
          "animated": true,
          "autoWidth": true,
          "children": <MenuItem
            anchorOrigin={
                        Object {
                                    "horizontal": "right",
                                    "vertical": "top",
                                  }
            }
            checked={false}
            desktop={false}
            disabled={false}
            focusState="none"
            insetChildren={false}
            primaryText="Denver"
            targetOrigin={
                        Object {
                                    "horizontal": "left",
                                    "vertical": "top",
                                  }
            }
            value="Denver"
/>,
          "disabled": false,
          "iconButton": <NavigationArrowDropDown />,
          "maxHeight": 500,
          "multiple": false,
          "onChange": [Function],
          "openImmediately": false,
          "value": "Denver",
        },
        "ref": null,
        "rendered": Object {
          "instance": null,
          "key": undefined,
          "nodeType": "class",
          "props": Object {
            "anchorOrigin": Object {
              "horizontal": "right",
              "vertical": "top",
            },
            "checked": false,
            "desktop": false,
            "disabled": false,
            "focusState": "none",
            "insetChildren": false,
            "primaryText": "Denver",
            "targetOrigin": Object {
              "horizontal": "left",
              "vertical": "top",
            },
            "value": "Denver",
          },
          "ref": null,
          "rendered": null,
          "type": [Function],
        },
        "type": [Function],
      },
    ],
    "type": "div",
  },
  Symbol(enzyme.__nodes__): Array [
    Object {
      "instance": null,
      "key": undefined,
      "nodeType": "host",
      "props": Object {
        "children": Array [
          <h2>
            Please select your city.
</h2>,
          <DropDownMenu
            anchorOrigin={
                        Object {
                                    "horizontal": "left",
                                    "vertical": "top",
                                  }
            }
            animated={true}
            autoWidth={true}
            disabled={false}
            iconButton={<NavigationArrowDropDown />}
            maxHeight={500}
            multiple={false}
            onChange={[Function]}
            openImmediately={false}
            value="Denver"
>
            <MenuItem
                        anchorOrigin={
                                    Object {
                                                "horizontal": "right",
                                                "vertical": "top",
                                              }
                        }
                        checked={false}
                        desktop={false}
                        disabled={false}
                        focusState="none"
                        insetChildren={false}
                        primaryText="Denver"
                        targetOrigin={
                                    Object {
                                                "horizontal": "left",
                                                "vertical": "top",
                                              }
                        }
                        value="Denver"
            />
</DropDownMenu>,
        ],
        "className": "select-city",
      },
      "ref": null,
      "rendered": Array [
        Object {
          "instance": null,
          "key": undefined,
          "nodeType": "host",
          "props": Object {
            "children": "Please select your city.",
          },
          "ref": null,
          "rendered": "Please select your city.",
          "type": "h2",
        },
        Object {
          "instance": null,
          "key": undefined,
          "nodeType": "class",
          "props": Object {
            "anchorOrigin": Object {
              "horizontal": "left",
              "vertical": "top",
            },
            "animated": true,
            "autoWidth": true,
            "children": <MenuItem
              anchorOrigin={
                            Object {
                                          "horizontal": "right",
                                          "vertical": "top",
                                        }
              }
              checked={false}
              desktop={false}
              disabled={false}
              focusState="none"
              insetChildren={false}
              primaryText="Denver"
              targetOrigin={
                            Object {
                                          "horizontal": "left",
                                          "vertical": "top",
                                        }
              }
              value="Denver"
/>,
            "disabled": false,
            "iconButton": <NavigationArrowDropDown />,
            "maxHeight": 500,
            "multiple": false,
            "onChange": [Function],
            "openImmediately": false,
            "value": "Denver",
          },
          "ref": null,
          "rendered": Object {
            "instance": null,
            "key": undefined,
            "nodeType": "class",
            "props": Object {
              "anchorOrigin": Object {
                "horizontal": "right",
                "vertical": "top",
              },
              "checked": false,
              "desktop": false,
              "disabled": false,
              "focusState": "none",
              "insetChildren": false,
              "primaryText": "Denver",
              "targetOrigin": Object {
                "horizontal": "left",
                "vertical": "top",
              },
              "value": "Denver",
            },
            "ref": null,
            "rendered": null,
            "type": [Function],
          },
          "type": [Function],
        },
      ],
      "type": "div",
    },
  ],
  Symbol(enzyme.__options__): Object {
    "adapter": ReactSixteenAdapter {
      "options": Object {
        "enableComponentDidUpdateOnSetState": true,
      },
    },
  },
}
`;
