// Jest Snapshot v1, https://goo.gl/fbAQLP

exports[`SearchBuddies should match snap 1`] = `
ShallowWrapper {
  "length": 1,
  Symbol(enzyme.__root__): [Circular],
  Symbol(enzyme.__unrendered__): <SearchBuddies
    allChallenges={
        Array [
            "depression",
            "anxiety",
          ]
    }
    currentUser={
        Object {
            "aboutMe": "Lola loves doggos.",
            "city": "Denver",
            "email": "lola@gmail.com",
            "userName": "lolakoala",
          }
    }
    getAllChallenges={[Function]}
    search={[Function]}
/>,
  Symbol(enzyme.__renderer__): Object {
    "batchedUpdates": [Function],
    "getNode": [Function],
    "render": [Function],
    "simulateEvent": [Function],
    "unmount": [Function],
  },
  Symbol(enzyme.__node__): Object {
    "instance": null,
    "key": undefined,
    "nodeType": "host",
    "props": Object {
      "children": Array [
        <DropDownMenu
          anchorOrigin={
                    Object {
                              "horizontal": "left",
                              "vertical": "top",
                            }
          }
          animated={true}
          autoWidth={true}
          disabled={false}
          iconButton={<NavigationArrowDropDown />}
          maxHeight={500}
          multiple={false}
          onChange={[Function]}
          openImmediately={false}
          value=""
>
          <MenuItem
                    anchorOrigin={
                              Object {
                                        "horizontal": "right",
                                        "vertical": "top",
                                      }
                    }
                    checked={false}
                    desktop={false}
                    disabled={false}
                    focusState="none"
                    insetChildren={false}
                    primaryText="depression"
                    targetOrigin={
                              Object {
                                        "horizontal": "left",
                                        "vertical": "top",
                                      }
                    }
                    value="depression"
          />
          <MenuItem
                    anchorOrigin={
                              Object {
                                        "horizontal": "right",
                                        "vertical": "top",
                                      }
                    }
                    checked={false}
                    desktop={false}
                    disabled={false}
                    focusState="none"
                    insetChildren={false}
                    primaryText="anxiety"
                    targetOrigin={
                              Object {
                                        "horizontal": "left",
                                        "vertical": "top",
                                      }
                    }
                    value="anxiety"
          />
</DropDownMenu>,
        <RaisedButton
          disabled={false}
          fullWidth={false}
          label="Submit"
          labelPosition="after"
          onClick={[Function]}
          primary={false}
          secondary={false}
/>,
      ],
      "className": "search-options",
    },
    "ref": null,
    "rendered": Array [
      Object {
        "instance": null,
        "key": undefined,
        "nodeType": "class",
        "props": Object {
          "anchorOrigin": Object {
            "horizontal": "left",
            "vertical": "top",
          },
          "animated": true,
          "autoWidth": true,
          "children": Array [
            <MenuItem
              anchorOrigin={
                            Object {
                                          "horizontal": "right",
                                          "vertical": "top",
                                        }
              }
              checked={false}
              desktop={false}
              disabled={false}
              focusState="none"
              insetChildren={false}
              primaryText="depression"
              targetOrigin={
                            Object {
                                          "horizontal": "left",
                                          "vertical": "top",
                                        }
              }
              value="depression"
/>,
            <MenuItem
              anchorOrigin={
                            Object {
                                          "horizontal": "right",
                                          "vertical": "top",
                                        }
              }
              checked={false}
              desktop={false}
              disabled={false}
              focusState="none"
              insetChildren={false}
              primaryText="anxiety"
              targetOrigin={
                            Object {
                                          "horizontal": "left",
                                          "vertical": "top",
                                        }
              }
              value="anxiety"
/>,
          ],
          "disabled": false,
          "iconButton": <NavigationArrowDropDown />,
          "maxHeight": 500,
          "multiple": false,
          "onChange": [Function],
          "openImmediately": false,
          "value": "",
        },
        "ref": null,
        "rendered": Array [
          Object {
            "instance": null,
            "key": "depression0",
            "nodeType": "class",
            "props": Object {
              "anchorOrigin": Object {
                "horizontal": "right",
                "vertical": "top",
              },
              "checked": false,
              "desktop": false,
              "disabled": false,
              "focusState": "none",
              "insetChildren": false,
              "primaryText": "depression",
              "targetOrigin": Object {
                "horizontal": "left",
                "vertical": "top",
              },
              "value": "depression",
            },
            "ref": null,
            "rendered": null,
            "type": [Function],
          },
          Object {
            "instance": null,
            "key": "anxiety1",
            "nodeType": "class",
            "props": Object {
              "anchorOrigin": Object {
                "horizontal": "right",
                "vertical": "top",
              },
              "checked": false,
              "desktop": false,
              "disabled": false,
              "focusState": "none",
              "insetChildren": false,
              "primaryText": "anxiety",
              "targetOrigin": Object {
                "horizontal": "left",
                "vertical": "top",
              },
              "value": "anxiety",
            },
            "ref": null,
            "rendered": null,
            "type": [Function],
          },
        ],
        "type": [Function],
      },
      Object {
        "instance": null,
        "key": undefined,
        "nodeType": "class",
        "props": Object {
          "disabled": false,
          "fullWidth": false,
          "label": "Submit",
          "labelPosition": "after",
          "onClick": [Function],
          "primary": false,
          "secondary": false,
        },
        "ref": null,
        "rendered": null,
        "type": [Function],
      },
    ],
    "type": "div",
  },
  Symbol(enzyme.__nodes__): Array [
    Object {
      "instance": null,
      "key": undefined,
      "nodeType": "host",
      "props": Object {
        "children": Array [
          <DropDownMenu
            anchorOrigin={
                        Object {
                                    "horizontal": "left",
                                    "vertical": "top",
                                  }
            }
            animated={true}
            autoWidth={true}
            disabled={false}
            iconButton={<NavigationArrowDropDown />}
            maxHeight={500}
            multiple={false}
            onChange={[Function]}
            openImmediately={false}
            value=""
>
            <MenuItem
                        anchorOrigin={
                                    Object {
                                                "horizontal": "right",
                                                "vertical": "top",
                                              }
                        }
                        checked={false}
                        desktop={false}
                        disabled={false}
                        focusState="none"
                        insetChildren={false}
                        primaryText="depression"
                        targetOrigin={
                                    Object {
                                                "horizontal": "left",
                                                "vertical": "top",
                                              }
                        }
                        value="depression"
            />
            <MenuItem
                        anchorOrigin={
                                    Object {
                                                "horizontal": "right",
                                                "vertical": "top",
                                              }
                        }
                        checked={false}
                        desktop={false}
                        disabled={false}
                        focusState="none"
                        insetChildren={false}
                        primaryText="anxiety"
                        targetOrigin={
                                    Object {
                                                "horizontal": "left",
                                                "vertical": "top",
                                              }
                        }
                        value="anxiety"
            />
</DropDownMenu>,
          <RaisedButton
            disabled={false}
            fullWidth={false}
            label="Submit"
            labelPosition="after"
            onClick={[Function]}
            primary={false}
            secondary={false}
/>,
        ],
        "className": "search-options",
      },
      "ref": null,
      "rendered": Array [
        Object {
          "instance": null,
          "key": undefined,
          "nodeType": "class",
          "props": Object {
            "anchorOrigin": Object {
              "horizontal": "left",
              "vertical": "top",
            },
            "animated": true,
            "autoWidth": true,
            "children": Array [
              <MenuItem
                anchorOrigin={
                                Object {
                                                "horizontal": "right",
                                                "vertical": "top",
                                              }
                }
                checked={false}
                desktop={false}
                disabled={false}
                focusState="none"
                insetChildren={false}
                primaryText="depression"
                targetOrigin={
                                Object {
                                                "horizontal": "left",
                                                "vertical": "top",
                                              }
                }
                value="depression"
/>,
              <MenuItem
                anchorOrigin={
                                Object {
                                                "horizontal": "right",
                                                "vertical": "top",
                                              }
                }
                checked={false}
                desktop={false}
                disabled={false}
                focusState="none"
                insetChildren={false}
                primaryText="anxiety"
                targetOrigin={
                                Object {
                                                "horizontal": "left",
                                                "vertical": "top",
                                              }
                }
                value="anxiety"
/>,
            ],
            "disabled": false,
            "iconButton": <NavigationArrowDropDown />,
            "maxHeight": 500,
            "multiple": false,
            "onChange": [Function],
            "openImmediately": false,
            "value": "",
          },
          "ref": null,
          "rendered": Array [
            Object {
              "instance": null,
              "key": "depression0",
              "nodeType": "class",
              "props": Object {
                "anchorOrigin": Object {
                  "horizontal": "right",
                  "vertical": "top",
                },
                "checked": false,
                "desktop": false,
                "disabled": false,
                "focusState": "none",
                "insetChildren": false,
                "primaryText": "depression",
                "targetOrigin": Object {
                  "horizontal": "left",
                  "vertical": "top",
                },
                "value": "depression",
              },
              "ref": null,
              "rendered": null,
              "type": [Function],
            },
            Object {
              "instance": null,
              "key": "anxiety1",
              "nodeType": "class",
              "props": Object {
                "anchorOrigin": Object {
                  "horizontal": "right",
                  "vertical": "top",
                },
                "checked": false,
                "desktop": false,
                "disabled": false,
                "focusState": "none",
                "insetChildren": false,
                "primaryText": "anxiety",
                "targetOrigin": Object {
                  "horizontal": "left",
                  "vertical": "top",
                },
                "value": "anxiety",
              },
              "ref": null,
              "rendered": null,
              "type": [Function],
            },
          ],
          "type": [Function],
        },
        Object {
          "instance": null,
          "key": undefined,
          "nodeType": "class",
          "props": Object {
            "disabled": false,
            "fullWidth": false,
            "label": "Submit",
            "labelPosition": "after",
            "onClick": [Function],
            "primary": false,
            "secondary": false,
          },
          "ref": null,
          "rendered": null,
          "type": [Function],
        },
      ],
      "type": "div",
    },
  ],
  Symbol(enzyme.__options__): Object {
    "adapter": ReactSixteenAdapter {
      "options": Object {
        "enableComponentDidUpdateOnSetState": true,
      },
    },
  },
}
`;
