// Jest Snapshot v1, https://goo.gl/fbAQLP

exports[`Dash should match snap 1`] = `
ShallowWrapper {
  "length": 1,
  Symbol(enzyme.__root__): [Circular],
  Symbol(enzyme.__unrendered__): <Dash
    allChallenges={
        Array [
            "anxiety",
            "depression",
          ]
    }
    clearSearchResults={[Function]}
    currentUser={
        Object {
            "aboutMe": "Lola loves doggos.",
            "city": "Denver",
            "email": "lola@gmail.com",
            "userName": "lolakoala",
          }
    }
    getAllChallenges={[Function]}
    getInsuranceList={[Function]}
    getSpecialtyList={[Function]}
    insuranceList={
        Array [
            "medicaid",
            "bcbs",
            "aetna",
          ]
    }
    search={[Function]}
    specialtyList={
        Array [
            "couples",
            "youth",
            "gender",
          ]
    }
/>,
  Symbol(enzyme.__renderer__): Object {
    "batchedUpdates": [Function],
    "getNode": [Function],
    "render": [Function],
    "simulateEvent": [Function],
    "unmount": [Function],
  },
  Symbol(enzyme.__node__): Object {
    "instance": null,
    "key": undefined,
    "nodeType": "host",
    "props": Object {
      "children": Array [
        <Toolbar
          noGutter={false}
          style={
                    Object {
                              "backgroundColor": "#d4c9a9",
                            }
          }
>
          <Link
                    className="toolbar-link"
                    replace={false}
                    to="/chat"
          >
                    Chat
          </Link>
          <Link
                    className="toolbar-link"
                    replace={false}
                    to="/list/userProfs"
          >
                    My Preferred Professionals
          </Link>
          <Link
                    className="toolbar-link"
                    replace={false}
                    to="/list/userBuddies"
          >
                    My Buddies
          </Link>
          <Link
                    className="toolbar-link"
                    replace={false}
                    to="/toolbox"
          >
                    My Toolbox
          </Link>
          <Link
                    className="toolbar-link"
                    replace={false}
                    to="/profile"
          >
                    My Profile
          </Link>
</Toolbar>,
        <div
          className="dash-instruction"
>
          Use the tabs below to connect with professionals or buddies.
</div>,
        <Tabs
          initialSelectedIndex={0}
          onChange={[Function]}
>
          <Tab
                    label="Search Professionals"
          >
                    <SearchProfessionals
                              currentUser={
                                        Object {
                                                  "aboutMe": "Lola loves doggos.",
                                                  "city": "Denver",
                                                  "email": "lola@gmail.com",
                                                  "userName": "lolakoala",
                                                }
                              }
                              getInsuranceList={[Function]}
                              getSpecialtyList={[Function]}
                              insuranceList={
                                        Array [
                                                  "medicaid",
                                                  "bcbs",
                                                  "aetna",
                                                ]
                              }
                              profSearch={undefined}
                              pushHistory={[Function]}
                              search={[Function]}
                              specialtyList={
                                        Array [
                                                  "couples",
                                                  "youth",
                                                  "gender",
                                                ]
                              }
                    />
          </Tab>
          <Tab
                    label="Search Buddies"
          >
                    <SearchBuddies
                              allChallenges={
                                        Array [
                                                  "anxiety",
                                                  "depression",
                                                ]
                              }
                              buddySearch={undefined}
                              currentUser={
                                        Object {
                                                  "aboutMe": "Lola loves doggos.",
                                                  "city": "Denver",
                                                  "email": "lola@gmail.com",
                                                  "userName": "lolakoala",
                                                }
                              }
                              getAllChallenges={[Function]}
                              pushHistory={[Function]}
                              search={[Function]}
                    />
          </Tab>
</Tabs>,
      ],
    },
    "ref": null,
    "rendered": Array [
      Object {
        "instance": null,
        "key": undefined,
        "nodeType": "class",
        "props": Object {
          "children": Array [
            <Link
              className="toolbar-link"
              replace={false}
              to="/chat"
>
              Chat
</Link>,
            <Link
              className="toolbar-link"
              replace={false}
              to="/list/userProfs"
>
              My Preferred Professionals
</Link>,
            <Link
              className="toolbar-link"
              replace={false}
              to="/list/userBuddies"
>
              My Buddies
</Link>,
            <Link
              className="toolbar-link"
              replace={false}
              to="/toolbox"
>
              My Toolbox
</Link>,
            <Link
              className="toolbar-link"
              replace={false}
              to="/profile"
>
              My Profile
</Link>,
          ],
          "noGutter": false,
          "style": Object {
            "backgroundColor": "#d4c9a9",
          },
        },
        "ref": null,
        "rendered": Array [
          Object {
            "instance": null,
            "key": undefined,
            "nodeType": "class",
            "props": Object {
              "children": "Chat",
              "className": "toolbar-link",
              "replace": false,
              "to": "/chat",
            },
            "ref": null,
            "rendered": "Chat",
            "type": [Function],
          },
          Object {
            "instance": null,
            "key": undefined,
            "nodeType": "class",
            "props": Object {
              "children": "My Preferred Professionals",
              "className": "toolbar-link",
              "replace": false,
              "to": "/list/userProfs",
            },
            "ref": null,
            "rendered": "My Preferred Professionals",
            "type": [Function],
          },
          Object {
            "instance": null,
            "key": undefined,
            "nodeType": "class",
            "props": Object {
              "children": "My Buddies",
              "className": "toolbar-link",
              "replace": false,
              "to": "/list/userBuddies",
            },
            "ref": null,
            "rendered": "My Buddies",
            "type": [Function],
          },
          Object {
            "instance": null,
            "key": undefined,
            "nodeType": "class",
            "props": Object {
              "children": "My Toolbox",
              "className": "toolbar-link",
              "replace": false,
              "to": "/toolbox",
            },
            "ref": null,
            "rendered": "My Toolbox",
            "type": [Function],
          },
          Object {
            "instance": null,
            "key": undefined,
            "nodeType": "class",
            "props": Object {
              "children": "My Profile",
              "className": "toolbar-link",
              "replace": false,
              "to": "/profile",
            },
            "ref": null,
            "rendered": "My Profile",
            "type": [Function],
          },
        ],
        "type": [Function],
      },
      Object {
        "instance": null,
        "key": undefined,
        "nodeType": "host",
        "props": Object {
          "children": "Use the tabs below to connect with professionals or buddies.",
          "className": "dash-instruction",
        },
        "ref": null,
        "rendered": "Use the tabs below to connect with professionals or buddies.",
        "type": "div",
      },
      Object {
        "instance": null,
        "key": undefined,
        "nodeType": "class",
        "props": Object {
          "children": Array [
            <Tab
              label="Search Professionals"
>
              <SearchProfessionals
                            currentUser={
                                          Object {
                                                        "aboutMe": "Lola loves doggos.",
                                                        "city": "Denver",
                                                        "email": "lola@gmail.com",
                                                        "userName": "lolakoala",
                                                      }
                            }
                            getInsuranceList={[Function]}
                            getSpecialtyList={[Function]}
                            insuranceList={
                                          Array [
                                                        "medicaid",
                                                        "bcbs",
                                                        "aetna",
                                                      ]
                            }
                            profSearch={undefined}
                            pushHistory={[Function]}
                            search={[Function]}
                            specialtyList={
                                          Array [
                                                        "couples",
                                                        "youth",
                                                        "gender",
                                                      ]
                            }
              />
</Tab>,
            <Tab
              label="Search Buddies"
>
              <SearchBuddies
                            allChallenges={
                                          Array [
                                                        "anxiety",
                                                        "depression",
                                                      ]
                            }
                            buddySearch={undefined}
                            currentUser={
                                          Object {
                                                        "aboutMe": "Lola loves doggos.",
                                                        "city": "Denver",
                                                        "email": "lola@gmail.com",
                                                        "userName": "lolakoala",
                                                      }
                            }
                            getAllChallenges={[Function]}
                            pushHistory={[Function]}
                            search={[Function]}
              />
</Tab>,
          ],
          "initialSelectedIndex": 0,
          "onChange": [Function],
        },
        "ref": null,
        "rendered": Array [
          Object {
            "instance": null,
            "key": undefined,
            "nodeType": "class",
            "props": Object {
              "children": <SearchProfessionals
                currentUser={
                                Object {
                                                "aboutMe": "Lola loves doggos.",
                                                "city": "Denver",
                                                "email": "lola@gmail.com",
                                                "userName": "lolakoala",
                                              }
                }
                getInsuranceList={[Function]}
                getSpecialtyList={[Function]}
                insuranceList={
                                Array [
                                                "medicaid",
                                                "bcbs",
                                                "aetna",
                                              ]
                }
                profSearch={undefined}
                pushHistory={[Function]}
                search={[Function]}
                specialtyList={
                                Array [
                                                "couples",
                                                "youth",
                                                "gender",
                                              ]
                }
/>,
              "label": "Search Professionals",
            },
            "ref": null,
            "rendered": Object {
              "instance": null,
              "key": undefined,
              "nodeType": "class",
              "props": Object {
                "currentUser": Object {
                  "aboutMe": "Lola loves doggos.",
                  "city": "Denver",
                  "email": "lola@gmail.com",
                  "userName": "lolakoala",
                },
                "getInsuranceList": [Function],
                "getSpecialtyList": [Function],
                "insuranceList": Array [
                  "medicaid",
                  "bcbs",
                  "aetna",
                ],
                "profSearch": undefined,
                "pushHistory": [Function],
                "search": [Function],
                "specialtyList": Array [
                  "couples",
                  "youth",
                  "gender",
                ],
              },
              "ref": null,
              "rendered": null,
              "type": [Function],
            },
            "type": [Function],
          },
          Object {
            "instance": null,
            "key": undefined,
            "nodeType": "class",
            "props": Object {
              "children": <SearchBuddies
                allChallenges={
                                Array [
                                                "anxiety",
                                                "depression",
                                              ]
                }
                buddySearch={undefined}
                currentUser={
                                Object {
                                                "aboutMe": "Lola loves doggos.",
                                                "city": "Denver",
                                                "email": "lola@gmail.com",
                                                "userName": "lolakoala",
                                              }
                }
                getAllChallenges={[Function]}
                pushHistory={[Function]}
                search={[Function]}
/>,
              "label": "Search Buddies",
            },
            "ref": null,
            "rendered": Object {
              "instance": null,
              "key": undefined,
              "nodeType": "class",
              "props": Object {
                "allChallenges": Array [
                  "anxiety",
                  "depression",
                ],
                "buddySearch": undefined,
                "currentUser": Object {
                  "aboutMe": "Lola loves doggos.",
                  "city": "Denver",
                  "email": "lola@gmail.com",
                  "userName": "lolakoala",
                },
                "getAllChallenges": [Function],
                "pushHistory": [Function],
                "search": [Function],
              },
              "ref": null,
              "rendered": null,
              "type": [Function],
            },
            "type": [Function],
          },
        ],
        "type": [Function],
      },
    ],
    "type": "div",
  },
  Symbol(enzyme.__nodes__): Array [
    Object {
      "instance": null,
      "key": undefined,
      "nodeType": "host",
      "props": Object {
        "children": Array [
          <Toolbar
            noGutter={false}
            style={
                        Object {
                                    "backgroundColor": "#d4c9a9",
                                  }
            }
>
            <Link
                        className="toolbar-link"
                        replace={false}
                        to="/chat"
            >
                        Chat
            </Link>
            <Link
                        className="toolbar-link"
                        replace={false}
                        to="/list/userProfs"
            >
                        My Preferred Professionals
            </Link>
            <Link
                        className="toolbar-link"
                        replace={false}
                        to="/list/userBuddies"
            >
                        My Buddies
            </Link>
            <Link
                        className="toolbar-link"
                        replace={false}
                        to="/toolbox"
            >
                        My Toolbox
            </Link>
            <Link
                        className="toolbar-link"
                        replace={false}
                        to="/profile"
            >
                        My Profile
            </Link>
</Toolbar>,
          <div
            className="dash-instruction"
>
            Use the tabs below to connect with professionals or buddies.
</div>,
          <Tabs
            initialSelectedIndex={0}
            onChange={[Function]}
>
            <Tab
                        label="Search Professionals"
            >
                        <SearchProfessionals
                                    currentUser={
                                                Object {
                                                            "aboutMe": "Lola loves doggos.",
                                                            "city": "Denver",
                                                            "email": "lola@gmail.com",
                                                            "userName": "lolakoala",
                                                          }
                                    }
                                    getInsuranceList={[Function]}
                                    getSpecialtyList={[Function]}
                                    insuranceList={
                                                Array [
                                                            "medicaid",
                                                            "bcbs",
                                                            "aetna",
                                                          ]
                                    }
                                    profSearch={undefined}
                                    pushHistory={[Function]}
                                    search={[Function]}
                                    specialtyList={
                                                Array [
                                                            "couples",
                                                            "youth",
                                                            "gender",
                                                          ]
                                    }
                        />
            </Tab>
            <Tab
                        label="Search Buddies"
            >
                        <SearchBuddies
                                    allChallenges={
                                                Array [
                                                            "anxiety",
                                                            "depression",
                                                          ]
                                    }
                                    buddySearch={undefined}
                                    currentUser={
                                                Object {
                                                            "aboutMe": "Lola loves doggos.",
                                                            "city": "Denver",
                                                            "email": "lola@gmail.com",
                                                            "userName": "lolakoala",
                                                          }
                                    }
                                    getAllChallenges={[Function]}
                                    pushHistory={[Function]}
                                    search={[Function]}
                        />
            </Tab>
</Tabs>,
        ],
      },
      "ref": null,
      "rendered": Array [
        Object {
          "instance": null,
          "key": undefined,
          "nodeType": "class",
          "props": Object {
            "children": Array [
              <Link
                className="toolbar-link"
                replace={false}
                to="/chat"
>
                Chat
</Link>,
              <Link
                className="toolbar-link"
                replace={false}
                to="/list/userProfs"
>
                My Preferred Professionals
</Link>,
              <Link
                className="toolbar-link"
                replace={false}
                to="/list/userBuddies"
>
                My Buddies
</Link>,
              <Link
                className="toolbar-link"
                replace={false}
                to="/toolbox"
>
                My Toolbox
</Link>,
              <Link
                className="toolbar-link"
                replace={false}
                to="/profile"
>
                My Profile
</Link>,
            ],
            "noGutter": false,
            "style": Object {
              "backgroundColor": "#d4c9a9",
            },
          },
          "ref": null,
          "rendered": Array [
            Object {
              "instance": null,
              "key": undefined,
              "nodeType": "class",
              "props": Object {
                "children": "Chat",
                "className": "toolbar-link",
                "replace": false,
                "to": "/chat",
              },
              "ref": null,
              "rendered": "Chat",
              "type": [Function],
            },
            Object {
              "instance": null,
              "key": undefined,
              "nodeType": "class",
              "props": Object {
                "children": "My Preferred Professionals",
                "className": "toolbar-link",
                "replace": false,
                "to": "/list/userProfs",
              },
              "ref": null,
              "rendered": "My Preferred Professionals",
              "type": [Function],
            },
            Object {
              "instance": null,
              "key": undefined,
              "nodeType": "class",
              "props": Object {
                "children": "My Buddies",
                "className": "toolbar-link",
                "replace": false,
                "to": "/list/userBuddies",
              },
              "ref": null,
              "rendered": "My Buddies",
              "type": [Function],
            },
            Object {
              "instance": null,
              "key": undefined,
              "nodeType": "class",
              "props": Object {
                "children": "My Toolbox",
                "className": "toolbar-link",
                "replace": false,
                "to": "/toolbox",
              },
              "ref": null,
              "rendered": "My Toolbox",
              "type": [Function],
            },
            Object {
              "instance": null,
              "key": undefined,
              "nodeType": "class",
              "props": Object {
                "children": "My Profile",
                "className": "toolbar-link",
                "replace": false,
                "to": "/profile",
              },
              "ref": null,
              "rendered": "My Profile",
              "type": [Function],
            },
          ],
          "type": [Function],
        },
        Object {
          "instance": null,
          "key": undefined,
          "nodeType": "host",
          "props": Object {
            "children": "Use the tabs below to connect with professionals or buddies.",
            "className": "dash-instruction",
          },
          "ref": null,
          "rendered": "Use the tabs below to connect with professionals or buddies.",
          "type": "div",
        },
        Object {
          "instance": null,
          "key": undefined,
          "nodeType": "class",
          "props": Object {
            "children": Array [
              <Tab
                label="Search Professionals"
>
                <SearchProfessionals
                                currentUser={
                                                Object {
                                                                "aboutMe": "Lola loves doggos.",
                                                                "city": "Denver",
                                                                "email": "lola@gmail.com",
                                                                "userName": "lolakoala",
                                                              }
                                }
                                getInsuranceList={[Function]}
                                getSpecialtyList={[Function]}
                                insuranceList={
                                                Array [
                                                                "medicaid",
                                                                "bcbs",
                                                                "aetna",
                                                              ]
                                }
                                profSearch={undefined}
                                pushHistory={[Function]}
                                search={[Function]}
                                specialtyList={
                                                Array [
                                                                "couples",
                                                                "youth",
                                                                "gender",
                                                              ]
                                }
                />
</Tab>,
              <Tab
                label="Search Buddies"
>
                <SearchBuddies
                                allChallenges={
                                                Array [
                                                                "anxiety",
                                                                "depression",
                                                              ]
                                }
                                buddySearch={undefined}
                                currentUser={
                                                Object {
                                                                "aboutMe": "Lola loves doggos.",
                                                                "city": "Denver",
                                                                "email": "lola@gmail.com",
                                                                "userName": "lolakoala",
                                                              }
                                }
                                getAllChallenges={[Function]}
                                pushHistory={[Function]}
                                search={[Function]}
                />
</Tab>,
            ],
            "initialSelectedIndex": 0,
            "onChange": [Function],
          },
          "ref": null,
          "rendered": Array [
            Object {
              "instance": null,
              "key": undefined,
              "nodeType": "class",
              "props": Object {
                "children": <SearchProfessionals
                  currentUser={
                                    Object {
                                                      "aboutMe": "Lola loves doggos.",
                                                      "city": "Denver",
                                                      "email": "lola@gmail.com",
                                                      "userName": "lolakoala",
                                                    }
                  }
                  getInsuranceList={[Function]}
                  getSpecialtyList={[Function]}
                  insuranceList={
                                    Array [
                                                      "medicaid",
                                                      "bcbs",
                                                      "aetna",
                                                    ]
                  }
                  profSearch={undefined}
                  pushHistory={[Function]}
                  search={[Function]}
                  specialtyList={
                                    Array [
                                                      "couples",
                                                      "youth",
                                                      "gender",
                                                    ]
                  }
/>,
                "label": "Search Professionals",
              },
              "ref": null,
              "rendered": Object {
                "instance": null,
                "key": undefined,
                "nodeType": "class",
                "props": Object {
                  "currentUser": Object {
                    "aboutMe": "Lola loves doggos.",
                    "city": "Denver",
                    "email": "lola@gmail.com",
                    "userName": "lolakoala",
                  },
                  "getInsuranceList": [Function],
                  "getSpecialtyList": [Function],
                  "insuranceList": Array [
                    "medicaid",
                    "bcbs",
                    "aetna",
                  ],
                  "profSearch": undefined,
                  "pushHistory": [Function],
                  "search": [Function],
                  "specialtyList": Array [
                    "couples",
                    "youth",
                    "gender",
                  ],
                },
                "ref": null,
                "rendered": null,
                "type": [Function],
              },
              "type": [Function],
            },
            Object {
              "instance": null,
              "key": undefined,
              "nodeType": "class",
              "props": Object {
                "children": <SearchBuddies
                  allChallenges={
                                    Array [
                                                      "anxiety",
                                                      "depression",
                                                    ]
                  }
                  buddySearch={undefined}
                  currentUser={
                                    Object {
                                                      "aboutMe": "Lola loves doggos.",
                                                      "city": "Denver",
                                                      "email": "lola@gmail.com",
                                                      "userName": "lolakoala",
                                                    }
                  }
                  getAllChallenges={[Function]}
                  pushHistory={[Function]}
                  search={[Function]}
/>,
                "label": "Search Buddies",
              },
              "ref": null,
              "rendered": Object {
                "instance": null,
                "key": undefined,
                "nodeType": "class",
                "props": Object {
                  "allChallenges": Array [
                    "anxiety",
                    "depression",
                  ],
                  "buddySearch": undefined,
                  "currentUser": Object {
                    "aboutMe": "Lola loves doggos.",
                    "city": "Denver",
                    "email": "lola@gmail.com",
                    "userName": "lolakoala",
                  },
                  "getAllChallenges": [Function],
                  "pushHistory": [Function],
                  "search": [Function],
                },
                "ref": null,
                "rendered": null,
                "type": [Function],
              },
              "type": [Function],
            },
          ],
          "type": [Function],
        },
      ],
      "type": "div",
    },
  ],
  Symbol(enzyme.__options__): Object {
    "adapter": ReactSixteenAdapter {
      "options": Object {
        "enableComponentDidUpdateOnSetState": true,
      },
    },
  },
}
`;
